// Jest Snapshot v1, https://goo.gl/fbAQLP

exports[`ListPage component renders ListPage 1`] = `
<ContextProvider
  value={
    Object {
      "theme": "light",
      "toggle": [Function],
    }
  }
>
  <ListPage />
</ContextProvider>
`;
