// Jest Snapshot v1, https://goo.gl/fbAQLP

exports[`Header component renders Header 1`] = `
<ContextProvider
  value={
    Object {
      "theme": "light",
      "toggle": [Function],
    }
  }
>
  <Header />
</ContextProvider>
`;
